// Jest Snapshot v1, https://goo.gl/fbAQLP

exports[`ScreenContainer tests Should renders correctly 1`] = `
<RNCSafeAreaProvider
  onInsetsChange={[Function]}
  style={
    Array [
      Object {
        "flex": 1,
      },
      undefined,
    ]
  }
>
  <View
    dataSet={Object {}}
    style={
      Object {
        "backgroundColor": "#FFFFFF",
        "flex": 1,
      }
    }
  >
    <View
      dataSet={Object {}}
      style={
        Object {
          "flex": 1,
          "paddingBottom": 24,
          "paddingLeft": 24,
          "paddingRight": 24,
          "paddingTop": 24,
        }
      }
    />
  </View>
</RNCSafeAreaProvider>
`;
